// Jest Snapshot v1, https://goo.gl/fbAQLP

exports[`Layout Matches snapshot 1`] = `
<div
  style={
    Object {
      "alignItems": "center",
      "display": "flex",
      "height": "100%",
      "justifyContent": "center",
      "width": "100%",
    }
  }
>
  <CssBaseline />
  <WithStyles(ForwardRef(Typography))
    variant="h3"
  >
    <WithStyles(ForwardRef(Button))>
      anyÃ¡d ðŸ’–
    </WithStyles(ForwardRef(Button))>
  </WithStyles(ForwardRef(Typography))>
</div>
`;
