// Jest Snapshot v1, https://goo.gl/fbAQLP

exports[`Layout Matches snapshot 1`] = `
<div
  style={
    Object {
      "alignItems": "center",
      "backgroundPosition": "center",
      "backgroundRepeat": "no-repeat",
      "backgroundSize": "auto",
      "display": "flex",
      "flexDirection": "column",
      "height": "100%",
      "justifyContent": "center",
      "width": "100%",
    }
  }
>
  <CssBaseline />
  <WithStyles(ForwardRef(Typography))
    gutterBottom={true}
    variant="h3"
  >
    Hello World! ðŸ˜Ž
  </WithStyles(ForwardRef(Typography))>
</div>
`;
