// Jest Snapshot v1, https://goo.gl/fbAQLP

exports[`Login Form Matches snapshot 1`] = `
<div
  style={
    Object {
      "display": "flex",
      "height": "100%",
      "width": "100%",
    }
  }
>
  <WithStyles(ForwardRef(Paper))
    style={
      Object {
        "alignSelf": "center",
        "flexShrink": 0,
        "margin": "auto",
        "maxWidth": "90%",
        "padding": "1em",
        "width": "450px",
      }
    }
  >
    <WithStyles(ForwardRef(Typography))
      variant="h4"
    >
      Login
    </WithStyles(ForwardRef(Typography))>
    <form
      onSubmit={[Function]}
    >
      <WithStyles(ForwardRef(Divider)) />
      <WithStyles(ForwardRef(TextField))
        autoComplete="on"
        fullWidth={true}
        helperText="The user login name"
        label="Username"
        margin="normal"
        onChange={[Function]}
        required={true}
        value=""
      />
      <WithStyles(ForwardRef(TextField))
        fullWidth={true}
        helperText="The user's matching password to log in"
        label="Password"
        margin="dense"
        onChange={[Function]}
        required={true}
        type="password"
      />
      <WithStyles(ForwardRef(TextField))
        autoComplete="on"
        fullWidth={true}
        helperText="e.g. https://dev.demo.sensenet.com"
        label="Repository URL"
        margin="dense"
        onChange={[Function]}
        required={true}
        type="url"
        value=""
      />
      <div
        style={
          Object {
            "display": "flex",
            "justifyContent": "flex-end",
            "marginTop": "1em",
          }
        }
      >
        <WithStyles(ForwardRef(Button))
          style={
            Object {
              "width": "100%",
            }
          }
          type="submit"
        >
          <WithStyles(ForwardRef(Typography))
            variant="button"
          >
            Log in
          </WithStyles(ForwardRef(Typography))>
        </WithStyles(ForwardRef(Button))>
      </div>
    </form>
  </WithStyles(ForwardRef(Paper))>
</div>
`;

exports[`Login Form Matches snapshot with error 1`] = `
<div
  style={
    Object {
      "display": "flex",
      "height": "100%",
      "width": "100%",
    }
  }
>
  <WithStyles(ForwardRef(Paper))
    style={
      Object {
        "alignSelf": "center",
        "flexShrink": 0,
        "margin": "auto",
        "maxWidth": "90%",
        "padding": "1em",
        "width": "450px",
      }
    }
  >
    <WithStyles(ForwardRef(Typography))
      variant="h4"
    >
      Login
    </WithStyles(ForwardRef(Typography))>
    <form
      onSubmit={[Function]}
    >
      <WithStyles(ForwardRef(Divider)) />
      <WithStyles(ForwardRef(TextField))
        autoComplete="on"
        fullWidth={true}
        helperText="The user login name"
        label="Username"
        margin="normal"
        onChange={[Function]}
        required={true}
        value=""
      />
      <WithStyles(ForwardRef(TextField))
        fullWidth={true}
        helperText="The user's matching password to log in"
        label="Password"
        margin="dense"
        onChange={[Function]}
        required={true}
        type="password"
      />
      <WithStyles(ForwardRef(TextField))
        autoComplete="on"
        fullWidth={true}
        helperText="e.g. https://dev.demo.sensenet.com"
        label="Repository URL"
        margin="dense"
        onChange={[Function]}
        required={true}
        type="url"
        value=""
      />
      <WithStyles(ForwardRef(Typography))
        color="error"
      >
        :(
      </WithStyles(ForwardRef(Typography))>
      <div
        style={
          Object {
            "display": "flex",
            "justifyContent": "flex-end",
            "marginTop": "1em",
          }
        }
      >
        <WithStyles(ForwardRef(Button))
          style={
            Object {
              "width": "100%",
            }
          }
          type="submit"
        >
          <WithStyles(ForwardRef(Typography))
            variant="button"
          >
            Log in
          </WithStyles(ForwardRef(Typography))>
        </WithStyles(ForwardRef(Button))>
      </div>
    </form>
  </WithStyles(ForwardRef(Paper))>
</div>
`;
